[    0.000000] Linux version 4.15.0-211-generic (buildd@lcy02-amd64-047) (gcc version 7.5.0 (Ubuntu 7.5.0-3ubuntu1~18.04)) #222-Ubuntu SMP Tue Apr 18 18:55:06 UTC 2023 (Ubuntu 4.15.0-211.222-generic 4.15.18)
[    0.000000] Command line: BOOT_IMAGE=/boot/vmlinuz-4.15.0-211-generic root=LABEL=cloudimg-rootfs ro console=tty1 console=ttyS0
[    0.000000] KERNEL supported cpus:
[    0.000000]   Intel GenuineIntel
[    0.000000]   AMD AuthenticAMD
[    0.000000]   Centaur CentaurHauls
[    0.000000] x86/fpu: Supporting XSAVE feature 0x001: 'x87 floating point registers'
[    0.000000] x86/fpu: Supporting XSAVE feature 0x002: 'SSE registers'
[    0.000000] x86/fpu: Supporting XSAVE feature 0x004: 'AVX registers'
[    0.000000] x86/fpu: xstate_offset[2]:  576, xstate_sizes[2]:  256
[    0.000000] x86/fpu: Enabled xstate features 0x7, context size is 832 bytes, using 'standard' format.
[    0.000000] e820: BIOS-provided physical RAM map:
[    0.000000] BIOS-e820: [mem 0x0000000000000000-0x000000000009fbff] usable
[    0.000000] BIOS-e820: [mem 0x000000000009fc00-0x000000000009ffff] reserved
[    0.000000] BIOS-e820: [mem 0x00000000000f0000-0x00000000000fffff] reserved
[    0.000000] BIOS-e820: [mem 0x0000000000100000-0x000000003ffeffff] usable
[    0.000000] BIOS-e820: [mem 0x000000003fff0000-0x000000003fffffff] ACPI data
[    0.000000] BIOS-e820: [mem 0x00000000fec00000-0x00000000fec00fff] reserved
[    0.000000] BIOS-e820: [mem 0x00000000fee00000-0x00000000fee00fff] reserved
[    0.000000] BIOS-e820: [mem 0x00000000fffc0000-0x00000000ffffffff] reserved
[    0.000000] NX (Execute Disable) protection: active
[    0.000000] SMBIOS 2.5 present.
[    0.000000] DMI: innotek GmbH VirtualBox/VirtualBox, BIOS VirtualBox 12/01/2006
[    0.000000] Hypervisor detected: KVM
[    0.000000] e820: last_pfn = 0x3fff0 max_arch_pfn = 0x400000000
[    0.000000] MTRR: Disabled
[    0.000000] x86/PAT: MTRRs disabled, skipping PAT initialization too.
[    0.000000] CPU MTRRs all blank - virtualized system.
[    0.000000] x86/PAT: Configuration [0-7]: WB  WT  UC- UC  WB  WT  UC- UC  
[    0.000000] found SMP MP-table at [mem 0x0009fff0-0x0009ffff]
[    0.000000] Scanning 1 areas for low memory corruption
[    0.000000] RAMDISK: [mem 0x359c5000-0x36cd9fff]
[    0.000000] ACPI: Early table checksum verification disabled
[    0.000000] ACPI: RSDP 0x00000000000E0000 000024 (v02 VBOX  )
[    0.000000] ACPI: XSDT 0x000000003FFF0030 00003C (v01 VBOX   VBOXXSDT 00000001 ASL  00000061)
[    0.000000] ACPI: FACP 0x000000003FFF00F0 0000F4 (v04 VBOX   VBOXFACP 00000001 ASL  00000061)
[    0.000000] ACPI: DSDT 0x000000003FFF0610 002353 (v02 VBOX   VBOXBIOS 00000002 INTL 20100528)
[    0.000000] ACPI: FACS 0x000000003FFF0200 000040
[    0.000000] ACPI: FACS 0x000000003FFF0200 000040
[    0.000000] ACPI: APIC 0x000000003FFF0240 00005C (v02 VBOX   VBOXAPIC 00000001 ASL  00000061)
[    0.000000] ACPI: SSDT 0x000000003FFF02A0 00036C (v01 VBOX   VBOXCPUT 00000002 INTL 20100528)
[    0.000000] ACPI: Reserving FACP table memory at [mem 0x3fff00f0-0x3fff01e3]
[    0.000000] ACPI: Reserving DSDT table memory at [mem 0x3fff0610-0x3fff2962]
[    0.000000] ACPI: Reserving FACS table memory at [mem 0x3fff0200-0x3fff023f]
[    0.000000] ACPI: Reserving FACS table memory at [mem 0x3fff0200-0x3fff023f]
[    0.000000] ACPI: Reserving APIC table memory at [mem 0x3fff0240-0x3fff029b]
[    0.000000] ACPI: Reserving SSDT table memory at [mem 0x3fff02a0-0x3fff060b]
[    0.000000] No NUMA configuration found
[    0.000000] Faking a node at [mem 0x0000000000000000-0x000000003ffeffff]
[    0.000000] NODE_DATA(0) allocated [mem 0x3ffc5000-0x3ffeffff]
[    0.000000] kvm-clock: cpu 0, msr 0:3ff44001, primary cpu clock
[    0.000000] kvm-clock: Using msrs 4b564d01 and 4b564d00
[    0.000000] kvm-clock: using sched offset of 4302313637 cycles
[    0.000000] clocksource: kvm-clock: mask: 0xffffffffffffffff max_cycles: 0x1cd42e4dffb, max_idle_ns: 881590591483 ns
[    0.000000] Zone ranges:
[    0.000000]   DMA      [mem 0x0000000000001000-0x0000000000ffffff]
[    0.000000]   DMA32    [mem 0x0000000001000000-0x000000003ffeffff]
[    0.000000]   Normal   empty
[    0.000000]   Device   empty
[    0.000000] Movable zone start for each node
[    0.000000] Early memory node ranges
[    0.000000]   node   0: [mem 0x0000000000001000-0x000000000009efff]
[    0.000000]   node   0: [mem 0x0000000000100000-0x000000003ffeffff]
[    0.000000] Reserved but unavailable: 104 pages
[    0.000000] Initmem setup node 0 [mem 0x0000000000001000-0x000000003ffeffff]
[    0.000000] ACPI: PM-Timer IO Port: 0x4008
[    0.000000] IOAPIC[0]: apic_id 2, version 32, address 0xfec00000, GSI 0-23
[    0.000000] ACPI: INT_SRC_OVR (bus 0 bus_irq 0 global_irq 2 dfl dfl)
[    0.000000] ACPI: INT_SRC_OVR (bus 0 bus_irq 9 global_irq 9 low level)
[    0.000000] Using ACPI (MADT) for SMP configuration information
[    0.000000] smpboot: Allowing 2 CPUs, 0 hotplug CPUs
[    0.000000] PM: Registered nosave memory: [mem 0x00000000-0x00000fff]
[    0.000000] PM: Registered nosave memory: [mem 0x0009f000-0x0009ffff]
[    0.000000] PM: Registered nosave memory: [mem 0x000a0000-0x000effff]
[    0.000000] PM: Registered nosave memory: [mem 0x000f0000-0x000fffff]
[    0.000000] e820: [mem 0x40000000-0xfebfffff] available for PCI devices
[    0.000000] Booting paravirtualized kernel on KVM
[    0.000000] clocksource: refined-jiffies: mask: 0xffffffff max_cycles: 0xffffffff, max_idle_ns: 7645519600211568 ns
[    0.000000] setup_percpu: NR_CPUS:8192 nr_cpumask_bits:2 nr_cpu_ids:2 nr_node_ids:1
[    0.000000] percpu: Embedded 50 pages/cpu s167936 r8192 d28672 u1048576
[    0.000000] PV qspinlock hash table entries: 256 (order: 0, 4096 bytes)
[    0.000000] Built 1 zonelists, mobility grouping on.  Total pages: 257913
[    0.000000] Policy zone: DMA32
[    0.000000] Kernel command line: BOOT_IMAGE=/boot/vmlinuz-4.15.0-211-generic root=LABEL=cloudimg-rootfs ro console=tty1 console=ttyS0
[    0.000000] Memory: 982632K/1048120K available (12300K kernel code, 2477K rwdata, 4324K rodata, 2480K init, 2720K bss, 65488K reserved, 0K cma-reserved)
[    0.000000] SLUB: HWalign=64, Order=0-3, MinObjects=0, CPUs=2, Nodes=1
[    0.000000] Kernel/User page tables isolation: enabled
[    0.000000] ftrace: allocating 39508 entries in 155 pages
[    0.004000] Hierarchical RCU implementation.
[    0.004000] 	RCU restricting CPUs from NR_CPUS=8192 to nr_cpu_ids=2.
[    0.004000] 	Tasks RCU enabled.
[    0.004000] RCU: Adjusting geometry for rcu_fanout_leaf=16, nr_cpu_ids=2
[    0.004000] NR_IRQS: 524544, nr_irqs: 440, preallocated irqs: 16
[    0.004000] random: crng init done
[    0.004000] Console: colour VGA+ 80x25
[    0.004000] console [tty1] enabled
[    0.004000] console [ttyS0] enabled
[    0.004000] ACPI: Core revision 20170831
[    0.004000] ACPI: 2 ACPI AML tables successfully acquired and loaded
[    0.004000] APIC: Switch to symmetric I/O mode setup
[    0.004000] x2apic enabled
[    0.004000] Switched APIC routing to physical x2apic.
[    0.008000] ..TIMER: vector=0x30 apic1=0 pin1=2 apic2=-1 pin2=-1
[    0.008007] tsc: Detected 2294.686 MHz processor
[    0.010479] Calibrating delay loop (skipped) preset value.. 4589.37 BogoMIPS (lpj=9178744)
[    0.012012] pid_max: default: 32768 minimum: 301
[    0.016105] Security Framework initialized
[    0.018206] Yama: becoming mindful.
[    0.020066] AppArmor: AppArmor initialized
[    0.024627] Dentry cache hash table entries: 131072 (order: 8, 1048576 bytes)
[    0.028157] Inode-cache hash table entries: 65536 (order: 7, 524288 bytes)
[    0.032046] Mount-cache hash table entries: 2048 (order: 2, 16384 bytes)
[    0.036023] Mountpoint-cache hash table entries: 2048 (order: 2, 16384 bytes)
[    0.040099] Last level iTLB entries: 4KB 64, 2MB 8, 4MB 8
[    0.042759] Last level dTLB entries: 4KB 64, 2MB 0, 4MB 0, 1GB 4
[    0.044009] Spectre V1 : Mitigation: usercopy/swapgs barriers and __user pointer sanitization
[    0.048008] Spectre V2 : Mitigation: Retpolines
[    0.052004] Spectre V2 : Spectre v2 / SpectreRSB mitigation: Filling RSB on context switch
[    0.056007] Spectre V2 : Spectre v2 / SpectreRSB : Filling RSB on VMEXIT
[    0.060007] Speculative Store Bypass: Vulnerable
[    0.064055] MDS: Mitigation: Clear CPU buffers
[    0.065912] MMIO Stale Data: Unknown: No mitigations
[    0.068005] SRBDS: Unknown: Dependent on hypervisor status
[    0.072533] Freeing SMP alternatives memory: 36K
[    0.186199] smpboot: CPU0: Intel(R) Core(TM) i5-5300U CPU @ 2.30GHz (family: 0x6, model: 0x3d, stepping: 0x4)
[    0.188000] Performance Events: unsupported p6 CPU model 61 no PMU driver, software events only.
[    0.188054] Hierarchical SRCU implementation.
[    0.192875] NMI watchdog: Perf event create on CPU 0 failed with -2
[    0.196004] NMI watchdog: Perf NMI watchdog permanently disabled
[    0.198336] smp: Bringing up secondary CPUs ...
[    0.200177] x86: Booting SMP configuration:
[    0.201840] .... node  #0, CPUs:      #1
[    0.004000] kvm-clock: cpu 1, msr 0:3ff44041, secondary cpu clock
[    0.210036] smp: Brought up 1 node, 2 CPUs
[    0.210036] smpboot: Max logical packages: 1
[    0.212011] smpboot: Total of 2 processors activated (9178.74 BogoMIPS)
[    0.216152] devtmpfs: initialized
[    0.217507] x86/mm: Memory block size: 128MB
[    0.220505] evm: security.selinux
[    0.221972] evm: security.SMACK64
[    0.224005] evm: security.SMACK64EXEC
[    0.225520] evm: security.SMACK64TRANSMUTE
[    0.227218] evm: security.SMACK64MMAP
[    0.228005] evm: security.apparmor
[    0.229370] evm: security.ima
[    0.230622] evm: security.capability
[    0.232096] clocksource: jiffies: mask: 0xffffffff max_cycles: 0xffffffff, max_idle_ns: 7645041785100000 ns
[    0.236019] futex hash table entries: 512 (order: 3, 32768 bytes)
[    0.238289] pinctrl core: initialized pinctrl subsystem
[    0.240381] RTC time:  4:33:28, date: 06/06/23
[    0.242421] NET: Registered protocol family 16
[    0.244265] audit: initializing netlink subsys (disabled)
[    0.246372] audit: type=2000 audit(1686026014.614:1): state=initialized audit_enabled=0 res=1
[    0.248013] cpuidle: using governor ladder
[    0.252011] cpuidle: using governor menu
[    0.253710] ACPI: bus type PCI registered
[    0.256004] acpiphp: ACPI Hot Plug PCI Controller Driver version: 0.5
[    0.258537] PCI: Using configuration type 1 for base access
[    0.261337] HugeTLB registered 2.00 MiB page size, pre-allocated 0 pages
[    0.264073] ACPI: Added _OSI(Module Device)
[    0.265827] ACPI: Added _OSI(Processor Device)
[    0.268005] ACPI: Added _OSI(3.0 _SCP Extensions)
[    0.269924] ACPI: Added _OSI(Processor Aggregator Device)
[    0.272005] ACPI: Added _OSI(Linux-Dell-Video)
[    0.273852] ACPI: Added _OSI(Linux-Lenovo-NV-HDMI-Audio)
[    0.276004] ACPI: Added _OSI(Linux-HPI-Hybrid-Graphics)
[    0.278620] ACPI: Executed 1 blocks of module-level executable AML code
[    0.295748] ACPI: Interpreter enabled
[    0.296033] ACPI: (supports S0 S5)
[    0.297425] ACPI: Using IOAPIC for interrupt routing
[    0.300966] PCI: Using host bridge windows from ACPI; if necessary, use "pci=nocrs" and report a bug
[    0.304512] ACPI: Enabled 2 GPEs in block 00 to 07
[    0.329958] ACPI: PCI Root Bridge [PCI0] (domain 0000 [bus 00-ff])
[    0.332011] acpi PNP0A03:00: _OSC: OS supports [ASPM ClockPM Segments MSI]
[    0.337846] acpi PNP0A03:00: _OSC: not requesting OS control; OS requires [ExtendedConfig ASPM ClockPM MSI]
[    0.340027] acpi PNP0A03:00: fail to add MMCONFIG information, can't access extended PCI configuration space under this bridge.
[    0.345065] PCI host bridge to bus 0000:00
[    0.348006] pci_bus 0000:00: root bus resource [io  0x0000-0x0cf7 window]
[    0.350527] pci_bus 0000:00: root bus resource [io  0x0d00-0xffff window]
[    0.352006] pci_bus 0000:00: root bus resource [mem 0x000a0000-0x000bffff window]
[    0.356005] pci_bus 0000:00: root bus resource [mem 0x40000000-0xfdffffff window]
[    0.360006] pci_bus 0000:00: root bus resource [bus 00-ff]
[    0.369812] pci 0000:00:01.1: legacy IDE quirk: reg 0x10: [io  0x01f0-0x01f7]
[    0.372010] pci 0000:00:01.1: legacy IDE quirk: reg 0x14: [io  0x03f6]
[    0.376012] pci 0000:00:01.1: legacy IDE quirk: reg 0x18: [io  0x0170-0x0177]
[    0.378794] pci 0000:00:01.1: legacy IDE quirk: reg 0x1c: [io  0x0376]
[    0.414048] pci 0000:00:07.0: quirk: [io  0x4000-0x403f] claimed by PIIX4 ACPI
[    0.416025] pci 0000:00:07.0: quirk: [io  0x4100-0x410f] claimed by PIIX4 SMB
[    0.442962] ACPI: PCI Interrupt Link [LNKA] (IRQs 5 9 10 *11)
[    0.445222] ACPI: PCI Interrupt Link [LNKB] (IRQs 5 9 *10 11)
[    0.448354] ACPI: PCI Interrupt Link [LNKC] (IRQs 5 *9 10 11)
[    0.452346] ACPI: PCI Interrupt Link [LNKD] (IRQs 5 9 10 *11)
[    0.455225] SCSI subsystem initialized
[    0.456043] pci 0000:00:02.0: vgaarb: setting as boot VGA device
[    0.458296] pci 0000:00:02.0: vgaarb: VGA device added: decodes=io+mem,owns=io+mem,locks=none
[    0.460008] pci 0000:00:02.0: vgaarb: bridge control possible
[    0.464003] vgaarb: loaded
[    0.465189] ACPI: bus type USB registered
[    0.466824] usbcore: registered new interface driver usbfs
[    0.468023] usbcore: registered new interface driver hub
[    0.470045] usbcore: registered new device driver usb
[    0.472088] EDAC MC: Ver: 3.0.0
[    0.473767] PCI: Using ACPI for IRQ routing
[    0.476500] NetLabel: Initializing
[    0.477882] NetLabel:  domain hash size = 128
[    0.480003] NetLabel:  protocols = UNLABELED CIPSOv4 CALIPSO
[    0.482151] NetLabel:  unlabeled traffic allowed by default
[    0.484088] clocksource: Switched to clocksource kvm-clock
[    0.529060] VFS: Disk quotas dquot_6.6.0
[    0.531389] VFS: Dquot-cache hash table entries: 512 (order 0, 4096 bytes)
[    0.535049] AppArmor: AppArmor Filesystem Enabled
[    0.537444] pnp: PnP ACPI init
[    0.543126] pnp: PnP ACPI: found 3 devices
[    0.554634] clocksource: acpi_pm: mask: 0xffffff max_cycles: 0xffffff, max_idle_ns: 2085701024 ns
[    0.558677] NET: Registered protocol family 2
[    0.560412] IP idents hash table entries: 16384 (order: 5, 131072 bytes)
[    0.563432] TCP established hash table entries: 8192 (order: 4, 65536 bytes)
[    0.566061] TCP bind hash table entries: 8192 (order: 5, 131072 bytes)
[    0.568459] TCP: Hash tables configured (established 8192 bind 8192)
[    0.570886] UDP hash table entries: 512 (order: 2, 16384 bytes)
[    0.573092] UDP-Lite hash table entries: 512 (order: 2, 16384 bytes)
[    0.575415] NET: Registered protocol family 1
[    0.577115] pci 0000:00:00.0: Limiting direct PCI/PCI transfers
[    0.579297] pci 0000:00:01.0: Activating ISA DMA hang workarounds
[    0.581630] pci 0000:00:02.0: Video device with shadowed ROM at [mem 0x000c0000-0x000dffff]
[    0.585080] Unpacking initramfs...
[    1.296531] Freeing initrd memory: 19540K
[    1.298437] clocksource: tsc: mask: 0xffffffffffffffff max_cycles: 0x211399552f8, max_idle_ns: 440795292447 ns
[    1.302665] platform rtc_cmos: registered platform RTC device (no PNP device found)
[    1.306409] Scanning for low memory corruption every 60 seconds
[    1.309340] Initialise system trusted keyrings
[    1.311065] Key type blacklist registered
[    1.312821] workingset: timestamp_bits=36 max_order=18 bucket_order=0
[    1.318458] zbud: loaded
[    1.320202] squashfs: version 4.0 (2009/01/31) Phillip Lougher
[    1.323140] fuse init (API version 7.26)
[    1.327634] Key type asymmetric registered
[    1.329616] Asymmetric key parser 'x509' registered
[    1.331961] Block layer SCSI generic (bsg) driver version 0.4 loaded (major 246)
[    1.334990] io scheduler noop registered
[    1.336538] io scheduler deadline registered
[    1.338251] io scheduler cfq registered (default)
[    1.340404] ACPI: AC Adapter [AC] (on-line)
[    1.342106] input: Power Button as /devices/LNXSYSTM:00/LNXPWRBN:00/input/input0
[    1.344993] ACPI: Power Button [PWRF]
[    1.346555] input: Sleep Button as /devices/LNXSYSTM:00/LNXSLPBN:00/input/input1
[    1.349554] ACPI: Sleep Button [SLPF]
[    1.353873] ACPI: Battery Slot [BAT0] (battery present)
[    1.355923] Serial: 8250/16550 driver, 32 ports, IRQ sharing enabled
[    1.379679] 00:02: ttyS0 at I/O 0x3f8 (irq = 4, base_baud = 115200) is a 16550A
[    1.386332] Linux agpgart interface v0.103
[    1.390992] loop: module loaded
[    1.393861] scsi host0: ata_piix
[    1.395611] scsi host1: ata_piix
[    1.397420] ata1: PATA max UDMA/33 cmd 0x1f0 ctl 0x3f6 bmdma 0xd000 irq 14
[    1.400165] ata2: PATA max UDMA/33 cmd 0x170 ctl 0x376 bmdma 0xd008 irq 15
[    1.404872] tun: Universal TUN/TAP device driver, 1.6
[    1.407240] PPP generic driver version 2.4.2
[    1.409148] ehci_hcd: USB 2.0 'Enhanced' Host Controller (EHCI) Driver
[    1.411550] ehci-pci: EHCI PCI platform driver
[    1.413357] ehci-platform: EHCI generic platform driver
[    1.415316] ohci_hcd: USB 1.1 'Open' Host Controller (OHCI) Driver
[    1.417608] ohci-pci: OHCI PCI platform driver
[    1.419311] ohci-platform: OHCI generic platform driver
[    1.421329] uhci_hcd: USB Universal Host Controller Interface driver
[    1.423720] i8042: PNP: PS/2 Controller [PNP0303:PS2K,PNP0f03:PS2M] at 0x60,0x64 irq 1,12
[    1.427717] serio: i8042 KBD port at 0x60,0x64 irq 1
[    1.429703] serio: i8042 AUX port at 0x60,0x64 irq 12
[    1.431912] mousedev: PS/2 mouse device common for all mice
[    1.435832] input: AT Translated Set 2 keyboard as /devices/platform/i8042/serio0/input/input2
[    1.440005] rtc_cmos rtc_cmos: rtc core: registered rtc_cmos as rtc0
[    1.442631] rtc_cmos rtc_cmos: alarms up to one day, 114 bytes nvram
[    1.444997] i2c /dev entries driver
[    1.446541] device-mapper: uevent: version 1.0.3
[    1.448406] device-mapper: ioctl: 4.37.0-ioctl (2017-09-20) initialised: dm-devel@redhat.com
[    1.451795] ledtrig-cpu: registered to indicate activity on CPUs
[    1.454718] NET: Registered protocol family 10
[    1.462996] Segment Routing with IPv6
[    1.464932] NET: Registered protocol family 17
[    1.467030] Key type dns_resolver registered
[    1.469385] mce: Using 0 MCE banks
[    1.471124] RAS: Correctable Errors collector initialized.
[    1.473271] sched_clock: Marking stable (1473229359, 0)->(1870237515, -397008156)
[    1.476648] registered taskstats version 1
[    1.478241] Loading compiled-in X.509 certificates
[    1.483916] Loaded X.509 cert 'Build time autogenerated kernel key: 6893c09f03d31bc6e9f3dd5a3a18faae0d596a39'
[    1.489566] Loaded X.509 cert 'Canonical Ltd. Live Patch Signing: 14df34d1a87cf37625abec039ef2bf521249b969'
[    1.494428] Loaded X.509 cert 'Canonical Ltd. Kernel Module Signing: 88f752e560a1e0737e31163a466ad7b70a850c19'
[    1.498143] blacklist: Loading compiled-in revocation X.509 certificates
[    1.500586] Loaded X.509 cert 'Canonical Ltd. Secure Boot Signing: 61482aa2830d0ab2ad5af10b7250da9033ddcef0'
[    1.504295] Loaded X.509 cert 'Canonical Ltd. Secure Boot Signing (2017): 242ade75ac4a15e50d50c84b0d45ff3eae707a03'
[    1.509276] Loaded X.509 cert 'Canonical Ltd. Secure Boot Signing (ESM 2018): 365188c1d374d6b07c3c8f240f8ef722433d6a8b'
[    1.514545] Loaded X.509 cert 'Canonical Ltd. Secure Boot Signing (2019): c0746fd6c5da3ae827864651ad66ae47fe24b3e8'
[    1.518420] Loaded X.509 cert 'Canonical Ltd. Secure Boot Signing (2021 v1): a8d54bbb3825cfb94fa13c9f8a594a195c107b8d'
[    1.522457] Loaded X.509 cert 'Canonical Ltd. Secure Boot Signing (2021 v2): 4cf046892d6fd3c9a5b03f98d845f90851dc6a8c'
[    1.526452] Loaded X.509 cert 'Canonical Ltd. Secure Boot Signing (2021 v3): 100437bb6de6e469b581e61cd66bce3ef4ed53af'
[    1.530549] Loaded X.509 cert 'Canonical Ltd. Secure Boot Signing (Ubuntu Core 2019): c1d57b8f6b743f23ee41f4f7ee292f06eecadfb9'
[    1.534778] zswap: loaded using pool lzo/zbud
[    1.541283] Key type big_key registered
[    1.543142] Key type trusted registered
[    1.547248] Key type encrypted registered
[    1.549226] AppArmor: AppArmor sha1 policy hashing enabled
[    1.551651] ima: No TPM chip found, activating TPM-bypass! (rc=-19)
[    1.554097] ima: Allocated hash algorithm: sha1
[    1.555843] evm: HMAC attrs: 0x1
[    1.557676]   Magic number: 11:899:564
[    1.559310] rtc_cmos rtc_cmos: setting system clock to 2023-06-06 04:33:30 UTC (1686026010)
[    1.562693] BIOS EDD facility v0.16 2004-Jun-25, 0 devices found
[    1.564920] EDD information not available.
[    1.603283] Freeing unused kernel image memory: 2480K
[    1.612709] Write protecting the kernel read-only data: 20480k
[    1.616263] Freeing unused kernel image memory: 2008K
[    1.618711] Freeing unused kernel image memory: 1820K
[    1.659665] x86/mm: Checked W+X mappings: passed, no W+X pages found.
[    1.662423] x86/mm: Checking user space page tables
[    1.701105] x86/mm: Checked W+X mappings: passed, no W+X pages found.
Loading, please wait...
starting version 237
[    1.835918] e1000: Intel(R) PRO/1000 Network Driver - version 7.3.21-k8-NAPI
[    1.839636] e1000: Copyright (c) 1999-2006 Intel Corporation.
[    1.889334] Fusion MPT base driver 3.04.20
[    1.891627] Copyright (c) 1999-2008 LSI Corporation
[    1.921422] Fusion MPT SPI Host driver 3.04.20
[    1.929582] AVX2 version of gcm_enc/dec engaged.
[    1.932126] AES CTR mode by8 optimization enabled
[    2.113145] input: ImExPS/2 Generic Explorer Mouse as /devices/platform/i8042/serio1/input/input4
[    2.396394] e1000 0000:00:03.0 eth0: (PCI:33MHz:32-bit) 02:60:28:79:f3:5b
[    2.399198] e1000 0000:00:03.0 eth0: Intel(R) PRO/1000 Network Connection
[    2.405360] mptbase: ioc0: Initiating bringup
[    3.934784] ioc0: LSI53C1030 A0: Capabilities={Initiator}
[    6.237816] scsi host2: ioc0: LSI53C1030 A0, FwRev=00000000h, Ports=1, MaxQ=256, IRQ=20
[    7.987330] scsi 2:0:0:0: Direct-Access     VBOX     HARDDISK         1.0  PQ: 0 ANSI: 5
[    8.024040] scsi target2:0:0: Beginning Domain Validation
[    8.029751] scsi target2:0:0: Domain Validation skipping write tests
[    8.033114] scsi target2:0:0: Ending Domain Validation
[    8.036058] scsi target2:0:0: asynchronous
[    8.039171] scsi 2:0:1:0: Direct-Access     VBOX     HARDDISK         1.0  PQ: 0 ANSI: 5
[    8.320154] scsi target2:0:1: Beginning Domain Validation
[    8.325576] scsi target2:0:1: Domain Validation skipping write tests
[    8.328979] scsi target2:0:1: Ending Domain Validation
[    8.331864] scsi target2:0:1: asynchronous
[    8.341425] sd 2:0:0:0: [sda] 83886080 512-byte logical blocks: (42.9 GB/40.0 GiB)
[    8.345693] sd 2:0:0:0: Attached scsi generic sg0 type 0
[    8.348689] sd 2:0:0:0: [sda] Write Protect is off
[    8.351547] sd 2:0:0:0: [sda] Incomplete mode parameter data
[    8.354601] sd 2:0:0:0: [sda] Assuming drive cache: write through
[    8.359038] sd 2:0:1:0: Attached scsi generic sg1 type 0
[    8.361962] sd 2:0:1:0: [sdb] 20480 512-byte logical blocks: (10.5 MB/10.0 MiB)
[    8.366291] sd 2:0:1:0: [sdb] Write Protect is off
[    8.369442] sd 2:0:1:0: [sdb] Incomplete mode parameter data
[    8.372437] sd 2:0:1:0: [sdb] Assuming drive cache: write through
[    8.380921]  sda: sda1
[    8.384109] sd 2:0:0:0: [sda] Attached SCSI disk
[    8.387372] sd 2:0:1:0: [sdb] Attached SCSI disk
[    8.479311] e1000 0000:00:08.0 eth1: (PCI:33MHz:32-bit) 08:00:27:f3:44:62
[    8.482428] e1000 0000:00:08.0 eth1: Intel(R) PRO/1000 Network Connection
[    8.487480] e1000 0000:00:03.0 enp0s3: renamed from eth0
[    8.523030] e1000 0000:00:08.0 enp0s8: renamed from eth1
Begin: Loading essential drivers ... [   10.708693] raid6: sse2x1   gen()  2286 MB/s
[   10.756603] raid6: sse2x1   xor()  1571 MB/s
[   10.804403] raid6: sse2x2   gen()  5486 MB/s
[   10.852279] raid6: sse2x2   xor()  2447 MB/s
[   10.900053] raid6: sse2x4   gen()  5670 MB/s
[   10.948039] raid6: sse2x4   xor()  3358 MB/s
[   10.996732] raid6: avx2x1   gen()  4748 MB/s
[   11.044572] raid6: avx2x1   xor()  2750 MB/s
[   11.092457] raid6: avx2x2   gen()  8952 MB/s
[   11.140331] raid6: avx2x2   xor()  5042 MB/s
[   11.188847] raid6: avx2x4   gen() 11319 MB/s
[   11.240147] raid6: avx2x4   xor()  5865 MB/s
[   11.242306] raid6: using algorithm avx2x4 gen() 11319 MB/s
[   11.244378] raid6: .... xor() 5865 MB/s, rmw enabled
[   11.247146] raid6: using avx2x2 recovery algorithm
[   11.252555] xor: automatically using best checksumming function   avx       
[   11.258824] async_tx: api initialized (async)
done.
Begin: Running /scripts/init-premount ... done.
Begin: Mounting root file system ... Begin: Running /scripts/local-top ... done.
Begin: Running /scripts/local-premount ... [   11.374908] Btrfs loaded, crc32c=crc32c-intel
Scanning for Btrfs filesystems
done.
Warning: fsck not present, so skipping root file system
[   11.427022] EXT4-fs (sda1): mounted filesystem with ordered data mode. Opts: (null)
done.
Begin: Running /scripts/local-bottom ... done.
Begin: Running /scripts/init-bottom ... done.
[   11.676984] ip_tables: (C) 2000-2006 Netfilter Core Team
[   11.696091] systemd[1]: systemd 237 running in system mode. (+PAM +AUDIT +SELINUX +IMA +APPARMOR +SMACK +SYSVINIT +UTMP +LIBCRYPTSETUP +GCRYPT +GNUTLS +ACL +XZ +LZ4 +SECCOMP +BLKID +ELFUTILS +KMOD -IDN2 +IDN -PCRE2 default-hierarchy=hybrid)
[   11.704297] systemd[1]: Detected virtualization oracle.
[   11.706652] systemd[1]: Detected architecture x86-64.

Welcome to [1mUbuntu 18.04.6 LTS[0m!

[   11.717297] systemd[1]: Set hostname to <ubuntu>.
[   11.724859] systemd[1]: Initializing machine ID from random generator.
[   11.727480] systemd[1]: Installed transient /etc/machine-id file.
[   12.550125] systemd[1]: Reached target System Time Synchronized.
[[0;32m  OK  [0m] Reached target System Time Synchronized.
[   12.554098] systemd[1]: Reached target Mounting snaps.
[[0;32m  OK  [0m] Reached target Mounting snaps.
[   12.557250] systemd[1]: Reached target Mounted snaps.
[[0;32m  OK  [0m] Reached target Mounted snaps.
[   12.560378] systemd[1]: Started Forward Password Requests to Wall Directory Watch.
[[0;32m  OK  [0m] Started Forward Password Requests to Wall Directory Watch.
[[0;32m  OK  [0m] Set up automount Arbitrary Executabâ€¦rmats File System Automount Point.
[[0;32m  OK  [0m] Reached target Swap.
[[0;32m  OK  [0m] Reached target User and Group Name Lookups.
[[0;32m  OK  [0m] Created slice System Slice.
[[0;32m  OK  [0m] Listening on Network Service Netlink Socket.
[[0;32m  OK  [0m] Listening on LVM2 metadata daemon socket.
[[0;32m  OK  [0m] Listening on Journal Socket (/dev/log).
[[0;32m  OK  [0m] Listening on udev Control Socket.
[[0;32m  OK  [0m] Listening on udev Kernel Socket.
[[0;32m  OK  [0m] Listening on Journal Socket.
         Starting Create list of required stâ€¦ce nodes for the current kernel...
         Mounting Huge Pages File System...
[[0;32m  OK  [0m] Listening on LVM2 poll daemon socket.
[[0;32m  OK  [0m] Listening on Device-mapper event daemon FIFOs.
         Starting udev Coldplug all Devices...
[[0;32m  OK  [0m] Listening on Journal Audit Socket.
[[0;32m  OK  [0m] Listening on /dev/initctl Compatibility Named Pipe.
[[0;32m  OK  [0m] Listening on fsck to fsckd communication Socket.
         Mounting Kernel Debug File System...
[[0;32m  OK  [0m] Listening on Syslog Socket.
         Starting Journal Service...
         Starting Set the console keyboard layout...
         Starting Uncomplicated firewall...
         Starting Load Kernel Modules...
         Starting Monitoring of LVM2 mirrorsâ€¦ng dmeventd or progress polling...
         Mounting POSIX Message Queue File System...
[[0;32m  OK  [0m] Created slice system-serial\x2dgetty.slice.
[[0;32m  OK  [0m] Created slice User and Session Slice.
[[0;32m  OK  [0m] Reached target Slices.
         Starting File System Check on Root Device...
[[0;32m  OK  [0m] Started Create list of required staâ€¦vice nodes for the current kernel.
[[0;32m  OK  [0m] Mounted Huge Pages File System.
[[0;32m  OK  [0m] Mounted Kernel Debug File System.
[[0;32m  OK  [0m] Mounted POSIX Message Queue File System.
         Starting Create Static Device Nodes in /dev...
[   12.689447] Loading iSCSI transport class v2.0-870.
[[0;32m  OK  [0m] Started Uncomplicated firewall.
[[0;32m  OK  [0m] Started File System Check Daemon to report status.
[[0;32m  OK  [0m] Started Create Static Device Nodes in /dev.
[[0;32m  OK  [0m] Started Journal Service.
[   12.788756] iscsi: registered transport (tcp)
[[0;32m  OK  [0m] Started udev Coldplug all Devices.
[[0;32m  OK  [0m] Started File System Check on Root Device.
         Starting Remount Root and Kernel File Systems...
[[0;32m  OK  [0m] Started LVM2 metadata daemon.
[   12.886148] iscsi: registered transport (iser)
[[0;32m  OK  [0m] Started Load Kernel Modules.
         Mounting Kernel Configuration File System...
         Mounting FUSE Control File System...
         Starting Apply Kernel Variables...
[[0;32m  OK  [0m] Mounted Kernel Configuration File System.
[[0;32m  OK  [0m] Mounted FUSE Control File System.
[   12.944232] EXT4-fs (sda1): re-mounted. Opts: (null)
[[0;32m  OK  [0m] Started Remount Root and Kernel File Systems.
         Starting udev Kernel Device Manager...
         Starting Load/Save Random Seed...
         Starting Flush Journal to Persistent Storage...
[[0;32m  OK  [0m] Started Monitoring of LVM2 mirrors,â€¦sing dmeventd or progress polling.
[[0;32m  OK  [0m] Started Load/Save Random Seed.
[[0;32m  OK  [0m] Started udev Kernel Device Manager.
[[0;32m  OK  [0m] Started Apply Kernel Variables.
[[0;32m  OK  [0m] Started Flush Journal to Persistent Storage.
[[0;32m  OK  [0m] Found device /dev/ttyS0.
[[0;32m  OK  [0m] Listening on Load/Save RF Kill Switch Status /dev/rfkill Watch.
         Mounting Arbitrary Executable File Formats File System...
[[0;32m  OK  [0m] Mounted Arbitrary Executable File Formats File System.
[[0;32m  OK  [0m] Started Set the console keyboard layout.
[[0;32m  OK  [0m] Started Dispatch Password Requests to Console Directory Watch.
[[0;32m  OK  [0m] Reached target Local Encrypted Volumes.
[[0;32m  OK  [0m] Reached target Local File Systems (Pre).
[[0;32m  OK  [0m] Reached target Local File Systems.
         Starting Commit a transient machine-id on disk...
         Starting ebtables ruleset management...
         Starting Create Volatile Files and Directories...
         Starting AppArmor initialization...
         Starting Tell Plymouth To Write Out Runtime Data...
         Starting Set console font and keymap...
[[0;32m  OK  [0m] Started Tell Plymouth To Write Out Runtime Data.
[[0;32m  OK  [0m] Started Set console font and keymap.
[[0;32m  OK  [0m] Started Create Volatile Files and Directories.
         Starting Update UTMP about System Boot/Shutdown...
[[0;32m  OK  [0m] Started Commit a transient machine-id on disk.
[[0;32m  OK  [0m] Started Update UTMP about System Boot/Shutdown.
[[0;32m  OK  [0m] Started ebtables ruleset management.
[[0;32m  OK  [0m] Started AppArmor initialization.
         Starting Initial cloud-init job (pre-networking)...
         Starting Load AppArmor profiles managed internally by snapd...
[[0;32m  OK  [0m] Started Load AppArmor profiles managed internally by snapd.
[   20.528278] cloud-init[627]: Cloud-init v. 23.1.2-0ubuntu0~18.04.1 running 'init-local' at Tue, 06 Jun 2023 04:33:48 +0000. Up 19.80 seconds.
[[0;32m  OK  [0m] Started Initial cloud-init job (pre-networking).
[[0;32m  OK  [0m] Reached target Network (Pre).
         Starting Network Service...
[[0;32m  OK  [0m] Started Network Service.
         Starting Network Name Resolution...
         Starting Wait for Network to be Configured...
[[0;32m  OK  [0m] Started Network Name Resolution.
[[0;32m  OK  [0m] Reached target Network.
[[0;32m  OK  [0m] Reached target Host and Network Name Lookups.
[[0;32m  OK  [0m] Started Wait for Network to be Configured.
         Starting Initial cloud-init job (metadata service crawler)...
[   23.589583] cloud-init[761]: Cloud-init v. 23.1.2-0ubuntu0~18.04.1 running 'init' at Tue, 06 Jun 2023 04:33:52 +0000. Up 23.16 seconds.
[   23.593379] cloud-init[761]: ci-info: ++++++++++++++++++++++++++++++++++++++Net device info+++++++++++++++++++++++++++++++++++++++
[   23.597323] cloud-init[761]: ci-info: +--------+-------+----------------------------+---------------+--------+-------------------+
[   23.600894] cloud-init[761]: ci-info: | Device |   Up  |          Address           |      Mask     | Scope  |     Hw-Address    |
[   23.605104] cloud-init[761]: ci-info: +--------+-------+----------------------------+---------------+--------+-------------------+
[   23.620599] cloud-init[761]: ci-info: | enp0s3 |  True |         10.0.2.15          | 255.255.255.0 | global | 02:60:28:79:f3:5b |
[   23.624033] cloud-init[761]: ci-info: | enp0s3 |  True | fe80::60:28ff:fe79:f35b/64 |       .       |  link  | 02:60:28:79:f3:5b |
[   23.628320] cloud-init[761]: ci-info: | enp0s8 | False |             .              |       .       |   .    | 08:00:27:f3:44:62 |
[   23.631729] cloud-init[761]: ci-info: |   lo   |  True |         127.0.0.1          |   255.0.0.0   |  host  |         .         |
[   23.645019] cloud-init[761]: ci-info: |   lo   |  True |          ::1/128           |       .       |  host  |         .         |
[   23.648334] cloud-init[761]: ci-info: +--------+-------+----------------------------+---------------+--------+-------------------+
[   23.652729] cloud-init[761]: ci-info: ++++++++++++++++++++++++++++Route IPv4 info+++++++++++++++++++++++++++++
[   23.655956] cloud-init[761]: ci-info: +-------+-------------+----------+-----------------+-----------+-------+
[   23.658828] cloud-init[761]: ci-info: | Route | Destination | Gateway  |     Genmask     | Interface | Flags |
[   23.661460] cloud-init[761]: ci-info: +-------+-------------+----------+-----------------+-----------+-------+
[   23.664441] cloud-init[761]: ci-info: |   0   |   0.0.0.0   | 10.0.2.2 |     0.0.0.0     |   enp0s3  |   UG  |
[   23.676319] cloud-init[761]: ci-info: |   1   |   10.0.2.0  | 0.0.0.0  |  255.255.255.0  |   enp0s3  |   U   |
[   23.688241] cloud-init[761]: ci-info: |   2   |   10.0.2.2  | 0.0.0.0  | 255.255.255.255 |   enp0s3  |   UH  |
[   23.690439] cloud-init[761]: ci-info: +-------+-------------+----------+-----------------+-----------+-------+
[   23.692568] cloud-init[761]: ci-info: +++++++++++++++++++Route IPv6 info+++++++++++++++++++
[   23.694488] cloud-init[761]: ci-info: +-------+-------------+---------+-----------+-------+
[   23.696825] cloud-init[761]: ci-info: | Route | Destination | Gateway | Interface | Flags |
[   23.698730] cloud-init[761]: ci-info: +-------+-------------+---------+-----------+-------+
[   23.700996] cloud-init[761]: ci-info: |   1   |  fe80::/64  |    ::   |   enp0s3  |   U   |
[   23.703097] cloud-init[761]: ci-info: |   3   |    local    |    ::   |   enp0s3  |   U   |
[   23.705302] cloud-init[761]: ci-info: |   4   |   ff00::/8  |    ::   |   enp0s3  |   U   |
[   23.707751] cloud-init[761]: ci-info: +-------+-------------+---------+-----------+-------+
[   24.859024] cloud-init[761]: Generating public/private rsa key pair.
[   24.868338] cloud-init[761]: Your identification has been saved in /etc/ssh/ssh_host_rsa_key.
[   24.870238] cloud-init[761]: Your public key has been saved in /etc/ssh/ssh_host_rsa_key.pub.
[   24.880338] cloud-init[761]: The key fingerprint is:
[   24.892331] cloud-init[761]: SHA256:LTFOii8CWjohkbiRMwcy06ODGoe/X6Ai67+5aBD8vA0 root@ubuntu-bionic
[   24.894429] cloud-init[761]: The key's randomart image is:
[   24.895633] cloud-init[761]: +---[RSA 2048]----+
[   24.896925] cloud-init[761]: |=.               |
[   24.898392] cloud-init[761]: |o*o              |
[   24.899934] cloud-init[761]: |@o..    +        |
[   24.901131] cloud-init[761]: |BO.  . + +       |
[   24.902069] cloud-init[761]: |**+ o . S .      |
[   24.903057] cloud-init[761]: |==.E o   .       |
[   24.904277] cloud-init[761]: |B o.= o          |
[   24.905739] cloud-init[761]: |.=oo.+           |
[   24.907135] cloud-init[761]: |+o.*+            |
[   24.908449] cloud-init[761]: +----[SHA256]-----+
[   24.909460] cloud-init[761]: Generating public/private dsa key pair.
[   24.920338] cloud-init[761]: Your identification has been saved in /etc/ssh/ssh_host_dsa_key.
[   24.922862] cloud-init[761]: Your public key has been saved in /etc/ssh/ssh_host_dsa_key.pub.
[   24.925686] cloud-init[761]: The key fingerprint is:
[   24.936267] cloud-init[761]: SHA256:FuD0O45PxwwHIkscSM7pTzeRShq6wbhrkcvc0rujpv0 root@ubuntu-bionic
[   24.948258] cloud-init[761]: The key's randomart image is:
[   24.949623] cloud-init[761]: +---[DSA 1024]----+
[   24.950633] cloud-init[761]: | .... o          |
[   24.951635] cloud-init[761]: | o.o + +         |
[   24.952781] cloud-init[761]: |  = = = +        |
[   24.954052] cloud-init[761]: |oo = + o +       |
[   24.964340] cloud-init[761]: |+.+ + o S .      |
[   24.965532] cloud-init[761]: | * o . = *       |
[   24.976261] cloud-init[761]: |= = . . o +      |
[   24.977545] cloud-init[761]: | X +   o .       |
[   24.988263] cloud-init[761]: |*.++E   .        |
[   24.989675] cloud-init[761]: +----[SHA256]-----+
[[   25.000558] cloud-init[761]: Generating public/private ecdsa key pair.
[   25.000764] cloud-init[761]: Your identification has been saved in /etc/ssh/ssh_host_ecdsa_key.
[   25.001901] cloud-init[761]: Your public key has been saved in /etc/ssh/ssh_host_ecdsa_key.pub.
[   25.003282] cloud-init[761]: The key fingerprint is:
[   25.004843] cloud-init[761]: SHA256:BAjs537j3Xp/xm8MmzEs7/eK46yYaVlKAh3mtnKrDhg root@ubuntu-bionic
[   25.006085] cloud-init[761]: The key's randomart image is:
[   25.007170] cloud-init[761]: +---[ECDSA 256]---+
[   25.008611] cloud-init[761]: | ... ..          |
[   25.009690] cloud-init[761]: |  . . o.         |
[   25.011131] cloud-init[761]: | .   + ..        |
[   25.012150] cloud-init[761]: |  . o +.         |
[   25.013092] cloud-init[761]: |E  o o .S    .   |
[   25.014053] cloud-init[761]: | o  o + . . . =  |
[   25.015027] cloud-init[761]: |. .. o + +   + B |
[   25.016743] cloud-init[761]: |   .. +.+=....B +|
[   25.016996] cloud-init[761]: |   .o+.o*oo+==o=+|
[   25.017957] cloud-init[761]: +----[SHA256]-----+
[   25.018956] cloud-init[761]: Generating public/private ed25519 key pair.
[   25.019915] cloud-init[761]: Your identification has been saved in /etc/ssh/ssh_host_ed25519_key.
[   25.020864] cloud-init[761]: Your public key has been saved in /etc/ssh/ssh_host_ed25519_key.pub.
[   25.022108] cloud-init[761]: The key fingerprint is:
[   25.023484] cloud-init[761]: SHA256:H7UTSlctU+FEfTtTPEqYp1julxrciImM9U1/mSQT8Xg root@ubuntu-bionic
[   25.024639] cloud-init[761]: The key's randomart image is:
[   25.026036] cloud-init[761]: +--[ED25519 256]--+
[   25.027033] cloud-init[761]: |            o.+B+|
[   25.027632] cloud-init[761]: |           + =B.*|
[   25.031689] cloud-init[761]: |          = B.oE=|
[   25.034000] cloud-init[761]: |       . o B *.= |
[   25.035077] cloud-init[761]: |      + S X * = =|
[   25.036254] cloud-init[761]: |     . o = B * + |
[   25.037093] cloud-init[761]: |          . + .  |
[   25.038074] cloud-init[761]: |           .     |
[   25.039072] cloud-init[761]: |                 |
[   25.039659] cloud-init[761]: +----[SHA256]-----+
[0;32m  OK  [0m] Started Initial cloud-init job (metadata service crawler).
[[0;32m  OK  [0m] Reached target Network is Online.
         Starting Availability of block devices...
[[0;32m  OK  [0m] Reached target Remote File Systems (Pre).
[[0;32m  OK  [0m] Reached target Remote File Systems.
[[0;32m  OK  [0m] Reached target Cloud-config availability.
[[0;32m  OK  [0m] Reached target System Initialization.
[[0;32m  OK  [0m] Started Discard unused blocks once a week.
[[0;32m  OK  [0m] Started Daily apt download activities.
[[0;32m  OK  [0m] Started ACPI Events Check.
         Starting LXD - unix socket.
[[0;32m  OK  [0m] Started Message of the Day.
[[0;32m  OK  [0m] Started Ubuntu Advantage Timer for running repeated jobs.
[[0;32m  OK  [0m] Listening on Open-iSCSI iscsid Socket.
[[0;32m  OK  [0m] Started Daily apt upgrade and clean activities.
[[0;32m  OK  [0m] Started Daily Cleanup of Temporary Directories.
[[0;32m  OK  [0m] Reached target Timers.
[[0;32m  OK  [0m] Reached target Paths.
[[0;32m  OK  [0m] Listening on cloud-init hotplug hook socket.
         Starting Socket activation for snappy daemon.
[[0;32m  OK  [0m] Listening on UUID daemon activation socket.
[[0;32m  OK  [0m] Listening on D-Bus System Message Bus Socket.
[[0;32m  OK  [0m] Listening on ACPID Listen Socket.
[[0;32m  OK  [0m] Started Availability of block devices.
[[0;32m  OK  [0m] Listening on LXD - unix socket.
[[0;32m  OK  [0m] Listening on Socket activation for snappy daemon.
[[0;32m  OK  [0m] Reached target Sockets.
[[0;32m  OK  [0m] Reached target Basic System.
[[0;32m  OK  [0m] Started Deferred execution scheduler.
         Starting LSB: Record successful boot for GRUB...
         Starting Permit User Sessions...
         Starting System Logging Service...
[[0;32m  OK  [0m] Started irqbalance daemon.
         Starting Pollinate to seed the pseudo random number generator...
         Starting LSB: automatic crash report generation...
[[0;32m  OK  [0m] Reached target Login Prompts (Pre).
         Starting Login Service...
         Starting Dispatcher daemon for systemd-networkd...
         Starting Snap Daemon...
         Starting Accounts Service...
[[0;32m  OK  [0m] Started FUSE filesystem for LXC.
[[0;32m  OK  [0m] Started Regular background program processing daemon.
         Starting LXD - container startup/shutdown...
         Starting Virtualbox guest utils...
[[0;32m  OK  [0m] Started D-Bus System Message Bus.
[[0;32m  OK  [0m] Started Login Service.
[[0;32m  OK  [0m] Started Unattended Upgrades Shutdown.
[[0;32m  OK  [0m] Started System Logging Service.
[[0;32m  OK  [0m] Started Permit User Sessions.
         Starting Hold until boot process finishes up...
         Starting Terminate Plymouth Boot Screen...
[[0;32m  OK  [0m] Started Hold until boot process finishes up.
         Starting Set console scheme...
[[0;32m  OK  [0m] Started Serial Getty on ttyS0.
[[0;32m  OK  [0m] Started Terminate Plymouth Boot Screen.
[[0;32m  OK  [0m] Started Set console scheme.
[[0;32m  OK  [0m] Created slice system-getty.slice.
[[0;32m  OK  [0m] Started Getty on tty1.
[[0;32m  OK  [0m] Reached target Login Prompts.
[[0;32m  OK  [0m] Started LSB: automatic crash report generation.
[[0;32m  OK  [0m] Started LSB: Record successful boot for GRUB.
         Starting Authorization Manager...
[[0;32m  OK  [0m] Started LXD - container startup/shutdown.
[[0;32m  OK  [0m] Started Authorization Manager.
[[0;32m  OK  [0m] Started Accounts Service.
[[0;32m  OK  [0m] Started Virtualbox guest utils.
[[0;32m  OK  [0m] Started Dispatcher daemon for systemd-networkd.
[[0;32m  OK  [0m] Started Snap Daemon.
         Starting Wait until snapd is fully seeded...
[[0;32m  OK  [0m] Started Pollinate to seed the pseudo random number generator.
         Starting OpenBSD Secure Shell server...
[[0;32m  OK  [0m] Started OpenBSD Secure Shell server.
[[0;32m  OK  [0m] Created slice User Slice of vagrant.
         Starting User Manager for UID 1000...
[[0;32m  OK  [0m] Started Session 1 of user vagrant.
[[0;32m  OK  [0m] Started User Manager for UID 1000.
         Starting Time & Date Service...
[[0;32m  OK  [0m] Started Time & Date Service.

Ubuntu 18.04.6 LTS ubuntu-bionic ttyS0

ubuntu-bionic login: [   35.028580] cloud-init[1344]: Cloud-init v. 23.1.2-0ubuntu0~18.04.1 running 'modules:config' at Tue, 06 Jun 2023 04:34:02 +0000. Up 33.76 seconds.
ci-info: no authorized SSH keys fingerprints found for user ubuntu.
<14>Jun  6 04:34:05 cloud-init: #############################################################
<14>Jun  6 04:34:05 cloud-init: -----BEGIN SSH HOST KEY FINGERPRINTS-----
<14>Jun  6 04:34:05 cloud-init: 1024 SHA256:FuD0O45PxwwHIkscSM7pTzeRShq6wbhrkcvc0rujpv0 root@ubuntu-bionic (DSA)
<14>Jun  6 04:34:06 cloud-init: 256 SHA256:BAjs537j3Xp/xm8MmzEs7/eK46yYaVlKAh3mtnKrDhg root@ubuntu-bionic (ECDSA)
<14>Jun  6 04:34:06 cloud-init: 256 SHA256:H7UTSlctU+FEfTtTPEqYp1julxrciImM9U1/mSQT8Xg root@ubuntu-bionic (ED25519)
<14>Jun  6 04:34:06 cloud-init: 2048 SHA256:LTFOii8CWjohkbiRMwcy06ODGoe/X6Ai67+5aBD8vA0 root@ubuntu-bionic (RSA)
<14>Jun  6 04:34:06 cloud-init: -----END SSH HOST KEY FINGERPRINTS-----
<14>Jun  6 04:34:06 cloud-init: #############################################################
-----BEGIN SSH HOST KEY KEYS-----
ecdsa-sha2-nistp256 AAAAE2VjZHNhLXNoYTItbmlzdHAyNTYAAAAIbmlzdHAyNTYAAABBBOapQEUi6KV9gxrIgUflpG/m9576GGJ2VUEm/uTeLeuiDiB5zFYHcvB6kjmogYSpb/mgsF7g8AKXGLHojPBYGKo= root@ubuntu-bionic
ssh-ed25519 AAAAC3NzaC1lZDI1NTE5AAAAINP3gI87teyO7j9h5sn8VioqQ5uccy3y0FF2yzb8IvuY root@ubuntu-bionic
ssh-rsa AAAAB3NzaC1yc2EAAAADAQABAAABAQCxnGj87eF8AGektRgGPLxEnz5w230mWc+cf1gwQTnK8VxfJlL+ovluwbnh9oLLLpIFOnL5rnYFEHZmjIKMbjtPkdcxC/YH60cGSQ1evudBIjFAF+uAh7tYzN8wyg9Tw5HcYYHXExH9K3Ldcmh6eURdQKZ2ilso+svPcqTl/dfbBOukJtgFp/WZCt31ay4kURp0y/tRnRjocaFJTq2opjL34UaJAqyFIioK9+d3EpH69Z03BNpTYtnktMUJrEMshMHmHGo85csIDdfyucu7TKYJqkngf7eE/OVhTTyJhqmjihpuxWzTTm5I4iQQvDJLqFXwaEjU83K/FGcXQF0hqYfl root@ubuntu-bionic
-----END SSH HOST KEY KEYS-----
[   37.146882] cloud-init[1501]: Cloud-init v. 23.1.2-0ubuntu0~18.04.1 running 'modules:final' at Tue, 06 Jun 2023 04:34:05 +0000. Up 36.54 seconds.
[   37.147094] cloud-init[1501]: Cloud-init v. 23.1.2-0ubuntu0~18.04.1 finished at Tue, 06 Jun 2023 04:34:06 +0000. Datasource DataSourceNoCloud [seed=/dev/sdb][dsmode=net].  Up 37.12 seconds
